Hello {{"{{"}} name {{"}}"}}, your code is {{"{{"}} x {{"}}"}}
